// Jest Snapshot v1, https://goo.gl/fbAQLP

exports[`<SourceDropDown /> rendering renders correctly 1`] = `
<ForwardRef(InternalSelect)
  defaultValue=""
  onChange={[Function]}
  style={
    Object {
      "width": 600,
    }
  }
>
  <Option
    value=""
  >
    -- none --
  </Option>
  <Option
    key="source-0"
    value={101}
  >
    Source 1 [prometheus] http://foo-bar:4001/
  </Option>
  <Option
    key="source-1"
    value={102}
  >
    Source 2 [influxdb] http://foo-bar:4002/
  </Option>
  <Option
    key="source-2"
    value={103}
  >
    Source 3 [prometheus] http://foo-bar:4003/
  </Option>
</ForwardRef(InternalSelect)>
`;
